To honour the JVM settings for this build a single-use Daemon process will be forked. For more on this, please refer to https://docs.gradle.org/8.10.2/userguide/gradle_daemon.html#sec:disabling_the_daemon in the Gradle documentation.
Daemon will be stopped at the end of the build 
> Task :app:preBuild UP-TO-DATE
> Task :app:preDebugBuild UP-TO-DATE
> Task :app:mergeDebugNativeDebugMetadata NO-SOURCE
> Task :app:checkKotlinGradlePluginConfigurationErrors SKIPPED
> Task :app:generateDebugBuildConfig UP-TO-DATE
> Task :domain:preBuild UP-TO-DATE
> Task :domain:preDebugBuild UP-TO-DATE
> Task :domain:writeDebugAarMetadata UP-TO-DATE
> Task :core:common:preBuild UP-TO-DATE
> Task :core:common:preDebugBuild UP-TO-DATE
> Task :core:common:writeDebugAarMetadata UP-TO-DATE
> Task :core:database:preBuild UP-TO-DATE
> Task :core:database:preDebugBuild UP-TO-DATE
> Task :core:database:writeDebugAarMetadata UP-TO-DATE
> Task :core:datastore:preBuild UP-TO-DATE
> Task :core:datastore:preDebugBuild UP-TO-DATE
> Task :core:datastore:writeDebugAarMetadata UP-TO-DATE
> Task :core:network:preBuild UP-TO-DATE
> Task :core:network:preDebugBuild UP-TO-DATE
> Task :core:network:writeDebugAarMetadata UP-TO-DATE
> Task :data:repository:preBuild UP-TO-DATE
> Task :data:repository:preDebugBuild UP-TO-DATE
> Task :data:repository:writeDebugAarMetadata UP-TO-DATE
> Task :feature:chaos:preBuild UP-TO-DATE
> Task :feature:chaos:preDebugBuild UP-TO-DATE
> Task :feature:chaos:writeDebugAarMetadata UP-TO-DATE
> Task :feature:diagnostico:preBuild UP-TO-DATE
> Task :feature:diagnostico:preDebugBuild UP-TO-DATE
> Task :feature:diagnostico:writeDebugAarMetadata UP-TO-DATE
> Task :feature:entrevista:preBuild UP-TO-DATE
> Task :feature:entrevista:preDebugBuild UP-TO-DATE
> Task :feature:entrevista:writeDebugAarMetadata UP-TO-DATE
> Task :feature:main:preBuild UP-TO-DATE
> Task :feature:main:preDebugBuild UP-TO-DATE
> Task :feature:main:writeDebugAarMetadata UP-TO-DATE
> Task :feature:simulador:preBuild UP-TO-DATE
> Task :feature:simulador:preDebugBuild UP-TO-DATE
> Task :feature:simulador:writeDebugAarMetadata UP-TO-DATE
> Task :app:checkDebugAarMetadata FAILED

FAILURE: Build failed with an exception.

* What went wrong:
Execution failed for task ':app:checkDebugAarMetadata'.
> Could not resolve all files for configuration ':app:debugRuntimeClasspath'.
   > Could not find androidx.compose:compose-bom:2025.02.01.
     Searched in the following locations:
       - https://dl.google.com/dl/android/maven2/androidx/compose/compose-bom/2025.02.01/compose-bom-2025.02.01.pom
       - https://repo.maven.apache.org/maven2/androidx/compose/compose-bom/2025.02.01/compose-bom-2025.02.01.pom
     Required by:
         project :app
         project :app > project :feature:main
         project :app > project :feature:chaos
         project :app > project :feature:simulador
         project :app > project :feature:diagnostico
         project :app > project :feature:entrevista
   > Could not find androidx.compose.material3:material3:.
     Required by:
         project :app
         project :app > project :feature:main
         project :app > project :feature:chaos
         project :app > project :feature:simulador
         project :app > project :feature:diagnostico
         project :app > project :feature:entrevista
   > Could not find androidx.compose.material:material-icons-extended:.
     Required by:
         project :app
         project :app > project :feature:main
         project :app > project :feature:chaos
         project :app > project :feature:simulador
         project :app > project :feature:diagnostico
         project :app > project :feature:entrevista
   > Could not find androidx.compose.material3.adaptive:adaptive-navigation-suite:1.1.0.
     Searched in the following locations:
       - https://dl.google.com/dl/android/maven2/androidx/compose/material3/adaptive/adaptive-navigation-suite/1.1.0/adaptive-navigation-suite-1.1.0.pom
       - https://repo.maven.apache.org/maven2/androidx/compose/material3/adaptive/adaptive-navigation-suite/1.1.0/adaptive-navigation-suite-1.1.0.pom
     Required by:
         project :app
         project :app > project :feature:main

* Try:
> Run with --stacktrace option to get the stack trace.
> Run with --info or --debug option to get more log output.
> Run with --scan to get full insights.
> Get more help at https://help.gradle.org.

BUILD FAILED in 21s
13 actionable tasks: 1 executed, 12 up-to-date
